{
      "data" => {
               "id" => "__REMOVED__",
             "type" => "export_config",
       "attributes" => {
                                          "id" => "__REMOVED__",
                                        "name" => "New Test Name",
                              "file_format_id" => "__REMOVED__",
                                   "flavor_id" => nil,
                                   "file_path" => "path",
                       "file_path_stringsdict" => nil,
                  "default_language_file_path" => nil,
      "default_language_file_path_stringsdict" => nil,
                                    "split_on" => nil,
              "skip_empty_plural_translations" => false,
                            "export_timestamp" => true
    },
    "relationships" => {
      "language_configs" => {
        "data" => []
      },
                "flavor" => {
        "data" => nil
      },
           "file_format" => {
        "data" => {
            "id" => "__REMOVED__",
          "type" => "file_format"
        }
      }
    }
  },
  "included" => []
}