{
      "data" => [
    [0] {
                 "id" => "__REMOVED__",
               "type" => "forbidden_words_list",
         "attributes" => {
                      "id" => "__REMOVED__",
                    "name" => "my name",
                 "content" => "my content",
              "project_id" => "__REMOVED__",
         "organization_id" => nil,
        "language_code_id" => nil,
         "country_code_id" => nil,
             "words_count" => 1
      },
      "relationships" => {
         "organization" => {
          "data" => nil
        },
              "project" => {
          "data" => {
              "id" => "__REMOVED__",
            "type" => "project"
          }
        },
        "language_code" => {
          "data" => nil
        },
         "country_code" => {
          "data" => nil
        }
      }
    }
  ],
  "included" => [
    [0] {
                 "id" => "__REMOVED__",
               "type" => "project",
         "attributes" => {
                                         "id" => "__REMOVED__",
                                       "name" => "My project",
                                "description" => nil,
                "machine_translation_enabled" => true,
                    "auto_translate_new_keys" => false,
               "auto_translate_new_languages" => false,
        "machine_translation_character_usage" => 0,
                                 "word_count" => 0,
                            "character_count" => 0,
                          "placeholder_start" => nil,
                            "placeholder_end" => nil,
                "validate_leading_whitespace" => true,
               "validate_trailing_whitespace" => true,
                 "validate_double_whitespace" => true,
                             "validate_https" => true,
                            "organization_id" => "__REMOVED__",
                               "issues_count" => 0,
                                   "disabled" => false,
                           "enabled_features" => [
          [ 0] "FEATURE_TAGS",
          [ 1] "FEATURE_UNLIMITED_PROJECTS",
          [ 2] "FEATURE_UNLIMITED_LANGUAGES",
          [ 3] "FEATURE_BASIC_PERMISSION_SYSTEM",
          [ 4] "FEATURE_VALIDATIONS",
          [ 5] "FEATURE_KEY_HISTORY",
          [ 6] "FEATURE_EXPORT_HIERARCHY",
          [ 7] "FEATURE_POST_PROCESSING",
          [ 8] "FEATURE_PROJECT_ACTIVITY",
          [ 9] "FEATURE_MACHINE_TRANSLATION_SUGGESTIONS",
          [10] "FEATURE_ADVANCED_PERMISSION_SYSTEM",
          [11] "FEATURE_OTA",
          [12] "FEATURE_HTML_EDITOR",
          [13] "FEATURE_TEMPLATES",
          [14] "FEATURE_PROJECT_GROUPS"
        ],
                               "all_features" => {
                          "FEATURE_UNLIMITED_PROJECTS" => [
            [0] "basic",
            [1] "team",
            [2] "business"
          ],
                         "FEATURE_UNLIMITED_LANGUAGES" => [
            [0] "basic",
            [1] "team",
            [2] "business"
          ],
                     "FEATURE_BASIC_PERMISSION_SYSTEM" => [
            [0] "basic",
            [1] "team",
            [2] "business"
          ],
                                 "FEATURE_VALIDATIONS" => [
            [0] "team",
            [1] "business"
          ],
                                 "FEATURE_KEY_HISTORY" => [
            [0] "team",
            [1] "business"
          ],
                            "FEATURE_EXPORT_HIERARCHY" => [
            [0] "team",
            [1] "business"
          ],
                             "FEATURE_POST_PROCESSING" => [
            [0] "team",
            [1] "business"
          ],
                            "FEATURE_PROJECT_ACTIVITY" => [
            [0] "team",
            [1] "business"
          ],
                                        "FEATURE_TAGS" => [],
             "FEATURE_MACHINE_TRANSLATION_SUGGESTIONS" => [
            [0] "basic",
            [1] "team",
            [2] "business"
          ],
                "FEATURE_MACHINE_TRANSLATION_LANGUAGE" => [
            [0] "team",
            [1] "business"
          ],
                  "FEATURE_ADVANCED_PERMISSION_SYSTEM" => [
            [0] "business"
          ],
                                         "FEATURE_OTA" => [
            [0] "business"
          ],
                                 "FEATURE_HTML_EDITOR" => [
            [0] "business"
          ],
                                   "FEATURE_TEMPLATES" => [
            [0] "business"
          ],
                              "FEATURE_PROJECT_GROUPS" => [
            [0] "business"
          ],
          "FEATURE_MACHINE_TRANSLATION_AUTO_TRANSLATE" => [
            [0] "business"
          ]
        },
                 "machine_translation_active" => false
      },
      "relationships" => {
           "organization" => {
          "data" => {
              "id" => "__REMOVED__",
            "type" => "organization"
          }
        },
                   "keys" => {
          "data" => []
        },
              "languages" => {
          "data" => []
        },
        "project_columns" => {
          "data" => []
        },
               "releases" => {
          "data" => []
        },
                   "tags" => {
          "data" => []
        }
      }
    }
  ],
      "meta" => {
    "total" => 1
  }
}