{
  "data" => {
               "id" => "__REMOVED__",
             "type" => "organization",
       "attributes" => {
                                       "id" => "__REMOVED__",
                                     "name" => "Test Name",
                             "trial_active" => false,
      "machine_translation_character_usage" => 0,
      "machine_translation_character_limit" => 10000,
                        "max_users_reached" => true,
                     "deepl_api_token_type" => nil,
                "uses_custom_deepl_account" => false,
                          "deepl_api_token" => nil,
                        "current_user_role" => "owner",
                            "trial_ends_at" => nil,
                         "enabled_features" => [
        [0] "FEATURE_TAGS"
      ],
                             "all_features" => {
                        "FEATURE_UNLIMITED_PROJECTS" => [
          [0] "basic",
          [1] "team",
          [2] "business"
        ],
                       "FEATURE_UNLIMITED_LANGUAGES" => [
          [0] "basic",
          [1] "team",
          [2] "business"
        ],
                   "FEATURE_BASIC_PERMISSION_SYSTEM" => [
          [0] "basic",
          [1] "team",
          [2] "business"
        ],
                               "FEATURE_VALIDATIONS" => [
          [0] "team",
          [1] "business"
        ],
                               "FEATURE_KEY_HISTORY" => [
          [0] "team",
          [1] "business"
        ],
                          "FEATURE_EXPORT_HIERARCHY" => [
          [0] "team",
          [1] "business"
        ],
                           "FEATURE_POST_PROCESSING" => [
          [0] "team",
          [1] "business"
        ],
                          "FEATURE_PROJECT_ACTIVITY" => [
          [0] "team",
          [1] "business"
        ],
                                      "FEATURE_TAGS" => [],
           "FEATURE_MACHINE_TRANSLATION_SUGGESTIONS" => [
          [0] "basic",
          [1] "team",
          [2] "business"
        ],
              "FEATURE_MACHINE_TRANSLATION_LANGUAGE" => [
          [0] "team",
          [1] "business"
        ],
                "FEATURE_ADVANCED_PERMISSION_SYSTEM" => [
          [0] "business"
        ],
                                       "FEATURE_OTA" => [
          [0] "business"
        ],
                               "FEATURE_HTML_EDITOR" => [
          [0] "business"
        ],
                                 "FEATURE_TEMPLATES" => [
          [0] "business"
        ],
                            "FEATURE_PROJECT_GROUPS" => [
          [0] "business"
        ],
        "FEATURE_MACHINE_TRANSLATION_AUTO_TRANSLATE" => [
          [0] "business"
        ]
      },
                 "current_user_deactivated" => false,
          "current_user_deactivated_reason" => nil
    },
    "relationships" => {
      "projects" => {
        "data" => []
      }
    }
  }
}