const language_name = {
  "a": "b",
  "c": "d"
} as const;

export { language_name };
